
  .   ____          _            __ _ _
 /\\ / ___'_ __ _ _(_)_ __  __ _ \ \ \ \
( ( )\___ | '_ | '_| | '_ \/ _` | \ \ \ \
 \\/  ___)| |_)| | | | | || (_| |  ) ) ) )
  '  |____| .__|_| |_|_| |_\__, | / / / /
 =========|_|==============|___/=/_/_/_/

 :: Spring Boot ::                (v4.1.0)

2026-09-27T11:01:28.105+05:30  INFO 11214 --- [pulse-broker-api] [           main] c.p.p.PulseBrokerApiApplication          : Starting PulseBrokerApiApplication v0.0.1-SNAPSHOT using Java 21.0.1 with PID 11214 (/Users/deepakmaheshwari/Documents/father_project/pulse-broker-api/target/pulse-broker-api-0.0.1-SNAPSHOT.jar started by deepakmaheshwari in /Users/deepakmaheshwari/Documents/father_project/pulse-broker-api)
2026-09-27T11:01:28.110+05:30  INFO 11214 --- [pulse-broker-api] [           main] c.p.p.PulseBrokerApiApplication          : No active profile set, falling back to 1 default profile: "default"
2026-09-27T11:01:28.924+05:30  INFO 11214 --- [pulse-broker-api] [           main] .s.d.r.c.RepositoryConfigurationDelegate : Bootstrapping Spring Data JPA repositories in DEFAULT mode.
2026-09-27T11:01:28.971+05:30  INFO 11214 --- [pulse-broker-api] [           main] .s.d.r.c.RepositoryConfigurationDelegate : Finished Spring Data repository scanning in 40 ms. Found 7 JPA repository interfaces.
2026-09-27T11:01:29.516+05:30  INFO 11214 --- [pulse-broker-api] [           main] o.s.boot.tomcat.TomcatWebServer          : Tomcat initialized with port 8080 (http)
2026-09-27T11:01:29.537+05:30  INFO 11214 --- [pulse-broker-api] [           main] o.apache.catalina.core.StandardService   : Starting service [Tomcat]
2026-09-27T11:01:29.537+05:30  INFO 11214 --- [pulse-broker-api] [           main] o.apache.catalina.core.StandardEngine    : Starting Servlet engine: [Apache Tomcat/11.0.22]
2026-09-27T11:01:29.581+05:30  INFO 11214 --- [pulse-broker-api] [           main] b.w.c.s.WebApplicationContextInitializer : Root WebApplicationContext: initialization completed in 1413 ms
2026-09-27T11:01:29.791+05:30  INFO 11214 --- [pulse-broker-api] [           main] org.hibernate.orm.jpa                    : HHH008540: Processing PersistenceUnitInfo [name: default]
2026-09-27T11:01:29.855+05:30  INFO 11214 --- [pulse-broker-api] [           main] org.hibernate.orm.core                   : HHH000001: Hibernate ORM core version 7.4.1.Final
2026-09-27T11:01:30.294+05:30  INFO 11214 --- [pulse-broker-api] [           main] o.s.o.j.p.SpringPersistenceUnitInfo      : No LoadTimeWeaver setup: ignoring JPA class transformer
2026-09-27T11:01:30.322+05:30  INFO 11214 --- [pulse-broker-api] [           main] com.zaxxer.hikari.HikariDataSource       : HikariPool-1 - Starting...
2026-09-27T11:01:30.554+05:30  INFO 11214 --- [pulse-broker-api] [           main] com.zaxxer.hikari.pool.HikariPool        : HikariPool-1 - Added connection conn0: url=jdbc:h2:file:./data/pulse-broker user=SA
2026-09-27T11:01:30.555+05:30  INFO 11214 --- [pulse-broker-api] [           main] com.zaxxer.hikari.HikariDataSource       : HikariPool-1 - Start completed.
2026-09-27T11:01:30.577+05:30  WARN 11214 --- [pulse-broker-api] [           main] org.hibernate.orm.deprecation            : HHH90000025: H2Dialect does not need to be specified explicitly using 'hibernate.dialect' (remove the property setting and it will be selected by default)
2026-09-27T11:01:30.596+05:30  INFO 11214 --- [pulse-broker-api] [           main] org.hibernate.orm.connections.pooling    : HHH10001005: Database info:
	Database JDBC URL [jdbc:h2:file:./data/pulse-broker]
	Database driver: H2 JDBC Driver
	Database dialect: H2Dialect
	Database version: 2.4.240
	Default catalog/schema: PULSE-BROKER/PUBLIC
	Autocommit mode: undefined/unknown
	Isolation level: READ_COMMITTED [default READ_COMMITTED]
	JDBC fetch size: 100
	Pool: DataSourceConnectionProvider
	Minimum pool size: undefined/unknown
	Maximum pool size: undefined/unknown
2026-09-27T11:01:31.989+05:30  INFO 11214 --- [pulse-broker-api] [           main] org.hibernate.orm.core                   : HHH000489: No JTA platform available (set 'hibernate.transaction.jta.platform' to enable JTA platform integration)
2026-09-27T11:01:32.041+05:30  INFO 11214 --- [pulse-broker-api] [           main] j.LocalContainerEntityManagerFactoryBean : Initialized JPA EntityManagerFactory for persistence unit 'default'
2026-09-27T11:01:32.115+05:30  INFO 11214 --- [pulse-broker-api] [           main] o.s.d.j.r.query.QueryEnhancerFactories   : Hibernate is in classpath; If applicable, HQL parser will be used.
2026-09-27T11:01:33.224+05:30  WARN 11214 --- [pulse-broker-api] [           main] JpaBaseConfiguration$JpaWebConfiguration : spring.jpa.open-in-view is enabled by default. Therefore, database queries may be performed during view rendering. Explicitly configure spring.jpa.open-in-view to disable this warning
2026-09-27T11:01:33.476+05:30  INFO 11214 --- [pulse-broker-api] [           main] o.s.b.h.a.H2ConsoleAutoConfiguration     : H2 console available at '/h2-console'. Database available at 'jdbc:h2:file:./data/pulse-broker'
2026-09-27T11:01:33.537+05:30  INFO 11214 --- [pulse-broker-api] [           main] o.s.boot.tomcat.TomcatWebServer          : Tomcat started on port 8080 (http) with context path '/'
2026-09-27T11:01:33.560+05:30  INFO 11214 --- [pulse-broker-api] [           main] c.p.p.PulseBrokerApiApplication          : Started PulseBrokerApiApplication in 5.844 seconds (process running for 6.802)
2026-09-27T11:17:33.462+05:30  WARN 11214 --- [pulse-broker-api] [l-1:housekeeper] com.zaxxer.hikari.pool.HikariPool        : HikariPool-1 - Thread starvation or clock leap detected (housekeeper delta=11m32s759ms).
